------------------------------------------------------------
TimeQuest Timing Analyzer Summary
------------------------------------------------------------

Type  : Slow Model Setup 'clock_div:clk_div_1|count[1]'
Slack : -23.591
TNS   : -2846.183

Type  : Slow Model Setup 'CLOCK_50'
Slack : 0.140
TNS   : 0.000

Type  : Slow Model Hold 'CLOCK_50'
Slack : -2.695
TNS   : -2.695

Type  : Slow Model Hold 'clock_div:clk_div_1|count[1]'
Slack : 0.445
TNS   : 0.000

Type  : Slow Model Recovery 'clock_div:clk_div_1|count[1]'
Slack : -2.465
TNS   : -532.424

Type  : Slow Model Removal 'clock_div:clk_div_1|count[1]'
Slack : 2.534
TNS   : 0.000

Type  : Slow Model Minimum Pulse Width 'clock_div:clk_div_1|count[1]'
Slack : -2.064
TNS   : -1109.138

Type  : Slow Model Minimum Pulse Width 'CLOCK_50'
Slack : -1.631
TNS   : -4.075

Type  : Fast Model Setup 'clock_div:clk_div_1|count[1]'
Slack : -8.631
TNS   : -846.577

Type  : Fast Model Setup 'CLOCK_50'
Slack : 0.644
TNS   : 0.000

Type  : Fast Model Hold 'CLOCK_50'
Slack : -1.725
TNS   : -1.725

Type  : Fast Model Hold 'clock_div:clk_div_1|count[1]'
Slack : 0.215
TNS   : 0.000

Type  : Fast Model Recovery 'clock_div:clk_div_1|count[1]'
Slack : -0.959
TNS   : -213.848

Type  : Fast Model Removal 'clock_div:clk_div_1|count[1]'
Slack : 1.595
TNS   : 0.000

Type  : Fast Model Minimum Pulse Width 'clock_div:clk_div_1|count[1]'
Slack : -2.000
TNS   : -1012.216

Type  : Fast Model Minimum Pulse Width 'CLOCK_50'
Slack : -1.380
TNS   : -3.380

------------------------------------------------------------
