------------------------------------------------------------
TimeQuest Timing Analyzer Summary
------------------------------------------------------------

Type  : Slow Model Setup 'clock_div:clk_div_1|count[1]'
Slack : -3.460
TNS   : -142.217

Type  : Slow Model Setup 'CLOCK_50'
Slack : 0.136
TNS   : 0.000

Type  : Slow Model Hold 'CLOCK_50'
Slack : -2.690
TNS   : -2.690

Type  : Slow Model Hold 'clock_div:clk_div_1|count[1]'
Slack : 0.445
TNS   : 0.000

Type  : Slow Model Recovery 'clock_div:clk_div_1|count[1]'
Slack : -1.259
TNS   : -48.007

Type  : Slow Model Removal 'clock_div:clk_div_1|count[1]'
Slack : 1.189
TNS   : 0.000

Type  : Slow Model Minimum Pulse Width 'CLOCK_50'
Slack : -1.631
TNS   : -4.075

Type  : Slow Model Minimum Pulse Width 'clock_div:clk_div_1|count[1]'
Slack : -0.611
TNS   : -76.986

Type  : Fast Model Setup 'clock_div:clk_div_1|count[1]'
Slack : -0.726
TNS   : -24.042

Type  : Fast Model Setup 'CLOCK_50'
Slack : 0.641
TNS   : 0.000

Type  : Fast Model Hold 'CLOCK_50'
Slack : -1.721
TNS   : -1.721

Type  : Fast Model Hold 'clock_div:clk_div_1|count[1]'
Slack : 0.215
TNS   : 0.000

Type  : Fast Model Recovery 'clock_div:clk_div_1|count[1]'
Slack : -0.023
TNS   : -0.092

Type  : Fast Model Removal 'clock_div:clk_div_1|count[1]'
Slack : 0.589
TNS   : 0.000

Type  : Fast Model Minimum Pulse Width 'CLOCK_50'
Slack : -1.380
TNS   : -3.380

Type  : Fast Model Minimum Pulse Width 'clock_div:clk_div_1|count[1]'
Slack : -0.500
TNS   : -63.000

------------------------------------------------------------
