------------------------------------------------------------
TimeQuest Timing Analyzer Summary
------------------------------------------------------------

Type  : Slow Model Setup 'clock_div:clk_div_1|count[1]'
Slack : -3.113
TNS   : -122.339

Type  : Slow Model Setup 'codec_ctrl:codec|state.START_WRITE'
Slack : -2.616
TNS   : -17.402

Type  : Slow Model Setup 'CLOCK_50'
Slack : 0.139
TNS   : 0.000

Type  : Slow Model Setup 'codec_ctrl:codec|regcount[0]'
Slack : 0.477
TNS   : 0.000

Type  : Slow Model Hold 'codec_ctrl:codec|regcount[0]'
Slack : -3.702
TNS   : -13.525

Type  : Slow Model Hold 'CLOCK_50'
Slack : -2.693
TNS   : -2.693

Type  : Slow Model Hold 'codec_ctrl:codec|state.START_WRITE'
Slack : -0.982
TNS   : -3.272

Type  : Slow Model Hold 'clock_div:clk_div_1|count[1]'
Slack : -0.872
TNS   : -2.568

Type  : Slow Model Recovery 'clock_div:clk_div_1|count[1]'
Slack : -2.253
TNS   : -76.243

Type  : Slow Model Removal 'clock_div:clk_div_1|count[1]'
Slack : 1.185
TNS   : 0.000

Type  : Slow Model Minimum Pulse Width 'CLOCK_50'
Slack : -1.631
TNS   : -4.075

Type  : Slow Model Minimum Pulse Width 'clock_div:clk_div_1|count[1]'
Slack : -0.611
TNS   : -76.986

Type  : Slow Model Minimum Pulse Width 'codec_ctrl:codec|regcount[0]'
Slack : 0.500
TNS   : 0.000

Type  : Slow Model Minimum Pulse Width 'codec_ctrl:codec|state.START_WRITE'
Slack : 0.500
TNS   : 0.000

Type  : Fast Model Setup 'clock_div:clk_div_1|count[1]'
Slack : -1.053
TNS   : -21.353

Type  : Fast Model Setup 'codec_ctrl:codec|state.START_WRITE'
Slack : -0.256
TNS   : -0.754

Type  : Fast Model Setup 'CLOCK_50'
Slack : 0.643
TNS   : 0.000

Type  : Fast Model Setup 'codec_ctrl:codec|regcount[0]'
Slack : 1.202
TNS   : 0.000

Type  : Fast Model Hold 'codec_ctrl:codec|regcount[0]'
Slack : -1.884
TNS   : -7.057

Type  : Fast Model Hold 'CLOCK_50'
Slack : -1.724
TNS   : -1.724

Type  : Fast Model Hold 'clock_div:clk_div_1|count[1]'
Slack : -0.962
TNS   : -15.578

Type  : Fast Model Hold 'codec_ctrl:codec|state.START_WRITE'
Slack : -0.890
TNS   : -4.408

Type  : Fast Model Recovery 'clock_div:clk_div_1|count[1]'
Slack : -0.870
TNS   : -7.569

Type  : Fast Model Removal 'clock_div:clk_div_1|count[1]'
Slack : 0.587
TNS   : 0.000

Type  : Fast Model Minimum Pulse Width 'CLOCK_50'
Slack : -1.380
TNS   : -3.380

Type  : Fast Model Minimum Pulse Width 'clock_div:clk_div_1|count[1]'
Slack : -0.500
TNS   : -63.000

Type  : Fast Model Minimum Pulse Width 'codec_ctrl:codec|regcount[0]'
Slack : 0.500
TNS   : 0.000

Type  : Fast Model Minimum Pulse Width 'codec_ctrl:codec|state.START_WRITE'
Slack : 0.500
TNS   : 0.000

------------------------------------------------------------
