------------------------------------------------------------
TimeQuest Timing Analyzer Summary
------------------------------------------------------------

Type  : Slow Model Setup 'CLOCK_50'
Slack : -2.358
TNS   : -55.355

Type  : Slow Model Setup 'baud_tick_generator:inst2|tick'
Slack : 0.456
TNS   : 0.000

Type  : Slow Model Hold 'CLOCK_50'
Slack : -2.108
TNS   : -9.457

Type  : Slow Model Hold 'baud_tick_generator:inst2|tick'
Slack : -0.021
TNS   : -0.035

Type  : Slow Model Recovery 'baud_tick_generator:inst2|tick'
Slack : -0.025
TNS   : -0.050

Type  : Slow Model Removal 'baud_tick_generator:inst2|tick'
Slack : 0.541
TNS   : 0.000

Type  : Slow Model Minimum Pulse Width 'CLOCK_50'
Slack : -1.631
TNS   : -51.733

Type  : Slow Model Minimum Pulse Width 'baud_tick_generator:inst2|tick'
Slack : -0.611
TNS   : -10.998

Type  : Fast Model Setup 'CLOCK_50'
Slack : -0.333
TNS   : -4.507

Type  : Fast Model Setup 'baud_tick_generator:inst2|tick'
Slack : 0.628
TNS   : 0.000

Type  : Fast Model Hold 'CLOCK_50'
Slack : -1.537
TNS   : -10.452

Type  : Fast Model Hold 'baud_tick_generator:inst2|tick'
Slack : 0.093
TNS   : 0.000

Type  : Fast Model Recovery 'baud_tick_generator:inst2|tick'
Slack : 0.355
TNS   : 0.000

Type  : Fast Model Removal 'baud_tick_generator:inst2|tick'
Slack : 0.441
TNS   : 0.000

Type  : Fast Model Minimum Pulse Width 'CLOCK_50'
Slack : -1.380
TNS   : -42.380

Type  : Fast Model Minimum Pulse Width 'baud_tick_generator:inst2|tick'
Slack : -0.500
TNS   : -9.000

------------------------------------------------------------
