------------------------------------------------------------
TimeQuest Timing Analyzer Summary
------------------------------------------------------------

Type  : Slow Model Setup 'CLOCK_50'
Slack : -4.355
TNS   : -186.011

Type  : Slow Model Setup 'baud_tick_generator:inst2|tick'
Slack : 0.172
TNS   : 0.000

Type  : Slow Model Hold 'CLOCK_50'
Slack : -2.132
TNS   : -13.505

Type  : Slow Model Hold 'baud_tick_generator:inst2|tick'
Slack : 0.406
TNS   : 0.000

Type  : Slow Model Recovery 'baud_tick_generator:inst2|tick'
Slack : -0.442
TNS   : -2.417

Type  : Slow Model Removal 'baud_tick_generator:inst2|tick'
Slack : 0.971
TNS   : 0.000

Type  : Slow Model Minimum Pulse Width 'CLOCK_50'
Slack : -1.631
TNS   : -104.279

Type  : Slow Model Minimum Pulse Width 'baud_tick_generator:inst2|tick'
Slack : -0.611
TNS   : -10.998

Type  : Fast Model Setup 'CLOCK_50'
Slack : -1.061
TNS   : -34.398

Type  : Fast Model Setup 'baud_tick_generator:inst2|tick'
Slack : 0.563
TNS   : 0.000

Type  : Fast Model Hold 'CLOCK_50'
Slack : -1.555
TNS   : -11.791

Type  : Fast Model Hold 'baud_tick_generator:inst2|tick'
Slack : 0.230
TNS   : 0.000

Type  : Fast Model Recovery 'baud_tick_generator:inst2|tick'
Slack : 0.226
TNS   : 0.000

Type  : Fast Model Removal 'baud_tick_generator:inst2|tick'
Slack : 0.577
TNS   : 0.000

Type  : Fast Model Minimum Pulse Width 'CLOCK_50'
Slack : -1.380
TNS   : -85.380

Type  : Fast Model Minimum Pulse Width 'baud_tick_generator:inst2|tick'
Slack : -0.500
TNS   : -9.000

------------------------------------------------------------
